###############################################################################
#
# IAR ELF Linker V7.40.3.8902/W32 for ARM                 02/May/2019  13:12:25
# Copyright 2007-2015 IAR Systems AB.
#
#    Output file  =  
#        E:\myprj\STM32_MPU9150eMPL-master\STM32_MPU9150eMPL\Debug\Exe\STM32_MPU9150eMPL.out
#    Map file     =  
#        E:\myprj\STM32_MPU9150eMPL-master\STM32_MPU9150eMPL\Debug\List\STM32_MPU9150eMPL.map
#    Command line =  
#        E:\myprj\STM32_MPU9150eMPL-master\STM32_MPU9150eMPL\Debug\Obj\cpal_hal.o
#        E:\myprj\STM32_MPU9150eMPL-master\STM32_MPU9150eMPL\Debug\Obj\cpal_i2c.o
#        E:\myprj\STM32_MPU9150eMPL-master\STM32_MPU9150eMPL\Debug\Obj\cpal_i2c_hal_stm32f10x.o
#        E:\myprj\STM32_MPU9150eMPL-master\STM32_MPU9150eMPL\Debug\Obj\cpal_usercallback_template.o
#        E:\myprj\STM32_MPU9150eMPL-master\STM32_MPU9150eMPL\Debug\Obj\hw_config.o
#        E:\myprj\STM32_MPU9150eMPL-master\STM32_MPU9150eMPL\Debug\Obj\inv_mpu.o
#        E:\myprj\STM32_MPU9150eMPL-master\STM32_MPU9150eMPL\Debug\Obj\inv_mpu_dmp_motion_driver.o
#        E:\myprj\STM32_MPU9150eMPL-master\STM32_MPU9150eMPL\Debug\Obj\main.o
#        E:\myprj\STM32_MPU9150eMPL-master\STM32_MPU9150eMPL\Debug\Obj\misc.o
#        E:\myprj\STM32_MPU9150eMPL-master\STM32_MPU9150eMPL\Debug\Obj\mpu9150_interrupts.o
#        E:\myprj\STM32_MPU9150eMPL-master\STM32_MPU9150eMPL\Debug\Obj\otgd_fs_cal.o
#        E:\myprj\STM32_MPU9150eMPL-master\STM32_MPU9150eMPL\Debug\Obj\otgd_fs_dev.o
#        E:\myprj\STM32_MPU9150eMPL-master\STM32_MPU9150eMPL\Debug\Obj\otgd_fs_int.o
#        E:\myprj\STM32_MPU9150eMPL-master\STM32_MPU9150eMPL\Debug\Obj\otgd_fs_pcd.o
#        E:\myprj\STM32_MPU9150eMPL-master\STM32_MPU9150eMPL\Debug\Obj\startup_stm32f10x_md.o
#        E:\myprj\STM32_MPU9150eMPL-master\STM32_MPU9150eMPL\Debug\Obj\stm32_CPAL_mpu9150.o
#        E:\myprj\STM32_MPU9150eMPL-master\STM32_MPU9150eMPL\Debug\Obj\stm32_it.o
#        E:\myprj\STM32_MPU9150eMPL-master\STM32_MPU9150eMPL\Debug\Obj\stm32f10x_adc.o
#        E:\myprj\STM32_MPU9150eMPL-master\STM32_MPU9150eMPL\Debug\Obj\stm32f10x_bkp.o
#        E:\myprj\STM32_MPU9150eMPL-master\STM32_MPU9150eMPL\Debug\Obj\stm32f10x_can.o
#        E:\myprj\STM32_MPU9150eMPL-master\STM32_MPU9150eMPL\Debug\Obj\stm32f10x_cec.o
#        E:\myprj\STM32_MPU9150eMPL-master\STM32_MPU9150eMPL\Debug\Obj\stm32f10x_crc.o
#        E:\myprj\STM32_MPU9150eMPL-master\STM32_MPU9150eMPL\Debug\Obj\stm32f10x_dac.o
#        E:\myprj\STM32_MPU9150eMPL-master\STM32_MPU9150eMPL\Debug\Obj\stm32f10x_dbgmcu.o
#        E:\myprj\STM32_MPU9150eMPL-master\STM32_MPU9150eMPL\Debug\Obj\stm32f10x_dma.o
#        E:\myprj\STM32_MPU9150eMPL-master\STM32_MPU9150eMPL\Debug\Obj\stm32f10x_exti.o
#        E:\myprj\STM32_MPU9150eMPL-master\STM32_MPU9150eMPL\Debug\Obj\stm32f10x_flash.o
#        E:\myprj\STM32_MPU9150eMPL-master\STM32_MPU9150eMPL\Debug\Obj\stm32f10x_fsmc.o
#        E:\myprj\STM32_MPU9150eMPL-master\STM32_MPU9150eMPL\Debug\Obj\stm32f10x_gpio.o
#        E:\myprj\STM32_MPU9150eMPL-master\STM32_MPU9150eMPL\Debug\Obj\stm32f10x_i2c.o
#        E:\myprj\STM32_MPU9150eMPL-master\STM32_MPU9150eMPL\Debug\Obj\stm32f10x_iwdg.o
#        E:\myprj\STM32_MPU9150eMPL-master\STM32_MPU9150eMPL\Debug\Obj\stm32f10x_pwr.o
#        E:\myprj\STM32_MPU9150eMPL-master\STM32_MPU9150eMPL\Debug\Obj\stm32f10x_rcc.o
#        E:\myprj\STM32_MPU9150eMPL-master\STM32_MPU9150eMPL\Debug\Obj\stm32f10x_rtc.o
#        E:\myprj\STM32_MPU9150eMPL-master\STM32_MPU9150eMPL\Debug\Obj\stm32f10x_sdio.o
#        E:\myprj\STM32_MPU9150eMPL-master\STM32_MPU9150eMPL\Debug\Obj\stm32f10x_spi.o
#        E:\myprj\STM32_MPU9150eMPL-master\STM32_MPU9150eMPL\Debug\Obj\stm32f10x_tim.o
#        E:\myprj\STM32_MPU9150eMPL-master\STM32_MPU9150eMPL\Debug\Obj\stm32f10x_usart.o
#        E:\myprj\STM32_MPU9150eMPL-master\STM32_MPU9150eMPL\Debug\Obj\stm32f10x_wwdg.o
#        E:\myprj\STM32_MPU9150eMPL-master\STM32_MPU9150eMPL\Debug\Obj\system_stm32f10x.o
#        E:\myprj\STM32_MPU9150eMPL-master\STM32_MPU9150eMPL\Debug\Obj\usb_core.o
#        E:\myprj\STM32_MPU9150eMPL-master\STM32_MPU9150eMPL\Debug\Obj\usb_desc.o
#        E:\myprj\STM32_MPU9150eMPL-master\STM32_MPU9150eMPL\Debug\Obj\usb_endp.o
#        E:\myprj\STM32_MPU9150eMPL-master\STM32_MPU9150eMPL\Debug\Obj\usb_init.o
#        E:\myprj\STM32_MPU9150eMPL-master\STM32_MPU9150eMPL\Debug\Obj\usb_int.o
#        E:\myprj\STM32_MPU9150eMPL-master\STM32_MPU9150eMPL\Debug\Obj\usb_istr.o
#        E:\myprj\STM32_MPU9150eMPL-master\STM32_MPU9150eMPL\Debug\Obj\usb_mem.o
#        E:\myprj\STM32_MPU9150eMPL-master\STM32_MPU9150eMPL\Debug\Obj\usb_prop.o
#        E:\myprj\STM32_MPU9150eMPL-master\STM32_MPU9150eMPL\Debug\Obj\usb_pwr.o
#        E:\myprj\STM32_MPU9150eMPL-master\STM32_MPU9150eMPL\Debug\Obj\usb_regs.o
#        E:\myprj\STM32_MPU9150eMPL-master\STM32_MPU9150eMPL\Debug\Obj\usb_sil.o
#        E:\myprj\STM32_MPU9150eMPL-master\STM32_MPU9150eMPL\Debug\Obj\utils.o
#        -o
#        E:\myprj\STM32_MPU9150eMPL-master\STM32_MPU9150eMPL\Debug\Exe\STM32_MPU9150eMPL.out
#        --redirect _Printf=_PrintfFull --redirect _Scanf=_ScanfFull --map
#        E:\myprj\STM32_MPU9150eMPL-master\STM32_MPU9150eMPL\Debug\List\STM32_MPU9150eMPL.map
#        --config
#        E:\myprj\STM32_MPU9150eMPL-master\STM32_MPU9150eMPL\STM32_MPU9150eMPL.icf
#        --semihosting --entry __iar_program_start --vfe
#
###############################################################################

*******************************************************************************
*** RUNTIME MODEL ATTRIBUTES
***

CppFlavor       = *
__SystemLibrary = DLib


*******************************************************************************
*** PLACEMENT SUMMARY
***

"A1":  place at 0x08000000 { ro section .intvec };
"P1":  place in [from 0x08000000 to 0x0801ffff] { ro };
"P2":  place in [from 0x20000000 to 0x20004fff] { rw, block CSTACK, block HEAP };

  Section            Kind        Address    Size  Object
  -------            ----        -------    ----  ------
"A1":                                       0xec
  .intvec            ro code  0x08000000    0xec  startup_stm32f10x_md.o [1]
                            - 0x080000ec    0xec

"P1":                                     0x8dc0
  .text              ro code  0x080000ec  0x2538  inv_mpu.o [1]
  .text              ro code  0x08002624   0x17c  stm32_CPAL_mpu9150.o [1]
  .text              ro code  0x080027a0    0x5a  utils.o [1]
  .rodata            const    0x080027fa     0x2  cpal_i2c_hal_stm32f10x.o [1]
  .text              ro code  0x080027fc    0x66  ABImemset.o [5]
  .rodata            const    0x08002862     0x2  cpal_i2c_hal_stm32f10x.o [1]
  .text              ro code  0x08002864    0x88  mpu9150_interrupts.o [1]
  .text              ro code  0x080028ec    0xd8  FltMul.o [4]
  .text              ro code  0x080029c4     0x8  labs.o [3]
  .text              ro code  0x080029cc    0x32  I32ToFlt.o [4]
  .rodata            const    0x080029fe     0x2  cpal_i2c_hal_stm32f10x.o [1]
  .text              ro code  0x08002a00    0xfc  FltDiv.o [4]
  .text              ro code  0x08002afc    0x1c  FltCmpEq.o [4]
  .text              ro code  0x08002b18    0x84  FltAdd.o [4]
  .text              ro code  0x08002b9c    0x24  FltCmpLe.o [4]
  .text              ro code  0x08002bc0   0x132  I64DivMod.o [5]
  .rodata            const    0x08002cf2     0x2  cpal_i2c_hal_stm32f10x.o [1]
  .text              ro code  0x08002cf4     0x6  ABImemclr4.o [5]
  .rodata            const    0x08002cfa     0x2  cpal_i2c_hal_stm32f10x.o [1]
  .text              ro code  0x08002cfc    0x62  memcmp_unaligned.o [5]
  .rodata            const    0x08002d5e     0x2  cpal_i2c_hal_stm32f10x.o [1]
  .text              ro code  0x08002d60  0x113c  cpal_i2c.o [1]
  .text              ro code  0x08003e9c   0x188  stm32f10x_rcc.o [1]
  .text              ro code  0x08004024   0x1b0  stm32f10x_gpio.o [1]
  .text              ro code  0x080041d4    0xcc  stm32f10x_exti.o [1]
  .text              ro code  0x080042a0    0x8c  misc.o [1]
  .text              ro code  0x0800432c    0xd6  FltSub.o [4]
  .rodata            const    0x08004402     0x2  cpal_i2c_hal_stm32f10x.o [1]
  .text              ro code  0x08004404     0x2  I64DivZer.o [5]
  .rodata            const    0x08004406     0x2  cpal_i2c_hal_stm32f10x.o [1]
  .text              ro code  0x08004408    0x32  ABImemset48.o [5]
  .rodata            const    0x0800443a     0x2  cpal_i2c_hal_stm32f10x.o [1]
  .text              ro code  0x0800443c   0x4d8  cpal_i2c_hal_stm32f10x.o [1]
  .text              ro code  0x08004914   0x100  stm32f10x_i2c.o [1]
  .text              ro code  0x08004a14    0x50  cpal_usercallback_template.o [1]
  .text              ro code  0x08004a64   0x180  stm32f10x_dma.o [1]
  .text              ro code  0x08004be4     0xc  cpal_hal.o [1]
  .text              ro code  0x08004bf0   0xea4  inv_mpu_dmp_motion_driver.o [1]
  .text              ro code  0x08005a94    0x76  ABImemcpy_unaligned.o [5]
  .rodata            const    0x08005b0a     0x2  cpal_i2c_hal_stm32f10x.o [1]
  .text              ro code  0x08005b0c    0x44  FltToS32.o [4]
  .text              ro code  0x08005b50   0xcaa  usb_core.o [1]
  .rodata            const    0x080067fa     0x2  cpal_i2c_hal_stm32f10x.o [1]
  .text              ro code  0x080067fc   0x2ce  usb_regs.o [1]
  .text              ro code  0x08006aca    0x6e  usb_mem.o [1]
  .rodata            const    0x08006b38   0xbf8  inv_mpu_dmp_motion_driver.o [1]
  .text              ro code  0x08007730   0x916  main.o [1]
  .rodata            const    0x08008046     0x2  cpal_i2c_hal_stm32f10x.o [1]
  .text              ro code  0x08008048   0x174  hw_config.o [1]
  .text              ro code  0x080081bc    0x40  usb_init.o [1]
  .text              ro code  0x080081fc   0x268  usb_prop.o [1]
  .text              ro code  0x08008464    0x48  usb_pwr.o [1]
  .text              ro code  0x080084ac    0x54  usb_sil.o [1]
  .text              ro code  0x08008500   0x250  usb_int.o [1]
  .text              ro code  0x08008750   0x15c  system_stm32f10x.o [1]
  .text              ro code  0x080088ac    0x70  usb_istr.o [1]
  .rodata            const    0x0800891c    0x44  usb_desc.o [1]
  .text              ro code  0x08008960    0x40  zero_init3.o [5]
  .rodata            const    0x080089a0    0x38  usb_desc.o [1]
  .rodata            const    0x080089d8    0x2c  inv_mpu.o [1]
  .text              ro code  0x08008a04    0x2c  copy_init3.o [5]
  .rodata            const    0x08008a30    0x28  inv_mpu.o [1]
  .text              ro code  0x08008a58    0x28  data_init.o [5]
  .iar.init_table    const    0x08008a80    0x24  - Linker created -
  .text              ro code  0x08008aa4    0x20  usb_endp.o [1]
  .text              ro code  0x08008ac4    0x1a  stm32_it.o [1]
  .rodata            const    0x08008ade     0x2  inv_mpu_dmp_motion_driver.o [1]
  .text              ro code  0x08008ae0    0x1a  cmain.o [5]
  .text              ro code  0x08008afa     0x4  low_level_init.o [3]
  .text              ro code  0x08008afe     0x4  exit.o [3]
  .text              ro code  0x08008b04     0xa  cexit.o [5]
  .text              ro code  0x08008b10    0x14  exit.o [6]
  .rodata            const    0x08008b24    0x18  main.o [1]
  .rodata            const    0x08008b3c    0x14  usb_desc.o [1]
  .rodata            const    0x08008b50    0x10  inv_mpu.o [1]
  .rodata            const    0x08008b60    0x10  usb_desc.o [1]
  .text              ro code  0x08008b70    0x10  startup_stm32f10x_md.o [1]
  .rodata            const    0x08008b80     0xc  inv_mpu_dmp_motion_driver.o [1]
  .rodata            const    0x08008b8c     0xc  inv_mpu_dmp_motion_driver.o [1]
  .rodata            const    0x08008b98     0xc  inv_mpu_dmp_motion_driver.o [1]
  .rodata            const    0x08008ba4     0xc  inv_mpu_dmp_motion_driver.o [1]
  .rodata            const    0x08008bb0     0xc  inv_mpu_dmp_motion_driver.o [1]
  .text              ro code  0x08008bbc     0xc  cstartup_M.o [5]
  .rodata            const    0x08008bc8     0x8  cpal_i2c_hal_stm32f10x.o [1]
  .rodata            const    0x08008bd0     0x8  cpal_i2c_hal_stm32f10x.o [1]
  .rodata            const    0x08008bd8     0x8  cpal_i2c_hal_stm32f10x.o [1]
  .rodata            const    0x08008be0     0x8  cpal_i2c_hal_stm32f10x.o [1]
  .rodata            const    0x08008be8     0x8  cpal_i2c_hal_stm32f10x.o [1]
  .rodata            const    0x08008bf0     0x8  cpal_i2c_hal_stm32f10x.o [1]
  .rodata            const    0x08008bf8     0x8  cpal_i2c_hal_stm32f10x.o [1]
  .rodata            const    0x08008c00     0x8  cpal_i2c_hal_stm32f10x.o [1]
  .rodata            const    0x08008c08     0x8  cpal_i2c_hal_stm32f10x.o [1]
  .rodata            const    0x08008c10     0x8  cpal_i2c_hal_stm32f10x.o [1]
  .rodata            const    0x08008c18     0x8  cpal_i2c_hal_stm32f10x.o [1]
  .rodata            const    0x08008c20     0x4  cpal_i2c_hal_stm32f10x.o [1]
  .rodata            const    0x08008c24     0x4  cpal_i2c_hal_stm32f10x.o [1]
  .rodata            const    0x08008c28     0x4  inv_mpu_dmp_motion_driver.o [1]
  .rodata            const    0x08008c2c     0x4  inv_mpu_dmp_motion_driver.o [1]
  .rodata            const    0x08008c30     0x4  inv_mpu_dmp_motion_driver.o [1]
  .rodata            const    0x08008c34     0x4  inv_mpu_dmp_motion_driver.o [1]
  .rodata            const    0x08008c38     0x4  main.o [1]
  .rodata            const    0x08008c3c     0x4  usb_desc.o [1]
  .text              ro code  0x08008c40     0x4  startup_stm32f10x_md.o [1]
  .text              ro code  0x08008c44     0x4  startup_stm32f10x_md.o [1]
  .text              ro code  0x08008c48     0x4  startup_stm32f10x_md.o [1]
  .text              ro code  0x08008c4c     0x4  startup_stm32f10x_md.o [1]
  .text              ro code  0x08008c50     0x4  startup_stm32f10x_md.o [1]
  .text              ro code  0x08008c54     0x4  startup_stm32f10x_md.o [1]
  .text              ro code  0x08008c58     0x4  startup_stm32f10x_md.o [1]
  .text              ro code  0x08008c5c     0x4  startup_stm32f10x_md.o [1]
  .text              ro code  0x08008c60     0x4  startup_stm32f10x_md.o [1]
  .text              ro code  0x08008c64     0x4  startup_stm32f10x_md.o [1]
  .text              ro code  0x08008c68     0x4  startup_stm32f10x_md.o [1]
  .text              ro code  0x08008c6c     0x4  startup_stm32f10x_md.o [1]
  .text              ro code  0x08008c70     0x4  startup_stm32f10x_md.o [1]
  .text              ro code  0x08008c74     0x4  startup_stm32f10x_md.o [1]
  .text              ro code  0x08008c78     0x4  startup_stm32f10x_md.o [1]
  .text              ro code  0x08008c7c     0x4  startup_stm32f10x_md.o [1]
  .text              ro code  0x08008c80     0x4  startup_stm32f10x_md.o [1]
  .text              ro code  0x08008c84     0x4  startup_stm32f10x_md.o [1]
  .text              ro code  0x08008c88     0x4  startup_stm32f10x_md.o [1]
  .text              ro code  0x08008c8c     0x4  startup_stm32f10x_md.o [1]
  .text              ro code  0x08008c90     0x4  startup_stm32f10x_md.o [1]
  .text              ro code  0x08008c94     0x4  startup_stm32f10x_md.o [1]
  .text              ro code  0x08008c98     0x4  startup_stm32f10x_md.o [1]
  .text              ro code  0x08008c9c     0x4  startup_stm32f10x_md.o [1]
  .text              ro code  0x08008ca0     0x4  startup_stm32f10x_md.o [1]
  .text              ro code  0x08008ca4     0x4  startup_stm32f10x_md.o [1]
  .text              ro code  0x08008ca8     0x4  startup_stm32f10x_md.o [1]
  .text              ro code  0x08008cac     0x4  startup_stm32f10x_md.o [1]
  .text              ro code  0x08008cb0     0x4  startup_stm32f10x_md.o [1]
  .text              ro code  0x08008cb4     0x4  startup_stm32f10x_md.o [1]
  .text              ro code  0x08008cb8     0x4  startup_stm32f10x_md.o [1]
  .text              ro code  0x08008cbc     0x4  startup_stm32f10x_md.o [1]
  .text              ro code  0x08008cc0     0x4  startup_stm32f10x_md.o [1]
  .text              ro code  0x08008cc4     0x4  startup_stm32f10x_md.o [1]
  .text              ro code  0x08008cc8     0x4  startup_stm32f10x_md.o [1]
  .text              ro code  0x08008ccc     0x4  startup_stm32f10x_md.o [1]
  .text              ro code  0x08008cd0     0x4  startup_stm32f10x_md.o [1]
  .text              ro code  0x08008cd4     0x4  startup_stm32f10x_md.o [1]
  .text              ro code  0x08008cd8     0x4  startup_stm32f10x_md.o [1]
  .text              ro code  0x08008cdc     0x4  startup_stm32f10x_md.o [1]
  .text              ro code  0x08008ce0     0x4  startup_stm32f10x_md.o [1]
  .text              ro code  0x08008ce4     0x4  startup_stm32f10x_md.o [1]
  .text              ro code  0x08008ce8     0x4  startup_stm32f10x_md.o [1]
  .text              ro code  0x08008cec     0x4  startup_stm32f10x_md.o [1]
  .text              ro code  0x08008cf0     0x4  startup_stm32f10x_md.o [1]
  .text              ro code  0x08008cf4     0x4  startup_stm32f10x_md.o [1]
  .text              ro code  0x08008cf8     0x4  startup_stm32f10x_md.o [1]
  .text              ro code  0x08008cfc     0x4  startup_stm32f10x_md.o [1]
  .text              ro code  0x08008d00     0x4  startup_stm32f10x_md.o [1]
  .text              ro code  0x08008d04     0x4  startup_stm32f10x_md.o [1]
  .text              ro code  0x08008d08     0x4  startup_stm32f10x_md.o [1]
  .text              ro code  0x08008d0c     0x4  startup_stm32f10x_md.o [1]
  .rodata            const    0x08008d10     0x0  zero_init3.o [5]
  .rodata            const    0x08008d10     0x0  copy_init3.o [5]
  Initializer bytes  const    0x08008d10   0x19c  <for P2 s0>
                            - 0x08008eac  0x8dc0

"P2":                                      0xaa0
  P2 s0                       0x20000000   0x19c  <Init block>
    .data            inited   0x20000000    0x38  inv_mpu.o [1]
    .data            inited   0x20000038    0x30  usb_prop.o [1]
    .data            inited   0x20000068    0x24  usb_prop.o [1]
    .data            inited   0x2000008c    0x20  cpal_i2c_hal_stm32f10x.o [1]
    .data            inited   0x200000ac    0x20  usb_prop.o [1]
    .data            inited   0x200000cc    0x1c  usb_desc.o [1]
    .data            inited   0x200000e8    0x1c  usb_istr.o [1]
    .data            inited   0x20000104    0x1c  usb_istr.o [1]
    .data            inited   0x20000120    0x10  stm32f10x_rcc.o [1]
    .data            inited   0x20000130     0xc  main.o [1]
    .data            inited   0x2000013c     0x8  cpal_i2c_hal_stm32f10x.o [1]
    .data            inited   0x20000144     0x8  cpal_i2c_hal_stm32f10x.o [1]
    .data            inited   0x2000014c     0x8  cpal_i2c_hal_stm32f10x.o [1]
    .data            inited   0x20000154     0x8  cpal_i2c_hal_stm32f10x.o [1]
    .data            inited   0x2000015c     0x8  cpal_i2c_hal_stm32f10x.o [1]
    .data            inited   0x20000164     0x8  cpal_i2c_hal_stm32f10x.o [1]
    .data            inited   0x2000016c     0x8  cpal_i2c_hal_stm32f10x.o [1]
    .data            inited   0x20000174     0x8  usb_prop.o [1]
    .data            inited   0x2000017c     0x8  usb_prop.o [1]
    .data            inited   0x20000184     0x8  usb_prop.o [1]
    .data            inited   0x2000018c     0x4  stm32_CPAL_mpu9150.o [1]
    .data            inited   0x20000190     0x4  stm32f10x_rcc.o [1]
    .data            inited   0x20000194     0x4  system_stm32f10x.o [1]
    .data            inited   0x20000198     0x4  usb_prop.o [1]
  .bss               zero     0x2000019c    0x40  usb_endp.o [1]
  .bss               zero     0x200001dc    0x2c  cpal_i2c_hal_stm32f10x.o [1]
  .bss               zero     0x20000208    0x1c  usb_init.o [1]
  .bss               zero     0x20000224    0x10  cpal_i2c.o [1]
  .bss               zero     0x20000234    0x10  inv_mpu_dmp_motion_driver.o [1]
  .bss               zero     0x20000244    0x10  main.o [1]
  .bss               zero     0x20000254    0x10  stm32_CPAL_mpu9150.o [1]
  .bss               zero     0x20000264    0x10  stm32_CPAL_mpu9150.o [1]
  .bss               zero     0x20000274     0x4  usb_core.o [1]
  .bss               zero     0x20000278     0x4  usb_endp.o [1]
  .bss               zero     0x2000027c     0x4  usb_init.o [1]
  .bss               zero     0x20000280     0x4  usb_init.o [1]
  .bss               zero     0x20000284     0x4  usb_init.o [1]
  .bss               zero     0x20000288     0x4  usb_pwr.o [1]
  .bss               zero     0x2000028c     0x2  usb_init.o [1]
  .bss               zero     0x2000028e     0x2  usb_int.o [1]
  .bss               zero     0x20000290     0x2  usb_int.o [1]
  .bss               zero     0x20000292     0x2  usb_istr.o [1]
  .bss               zero     0x20000294     0x1  main.o [1]
  .bss               zero     0x20000295     0x1  usb_core.o [1]
  .bss               zero     0x20000296     0x1  usb_init.o [1]
  .bss               zero     0x20000297     0x1  usb_istr.o [1]
  .bss               zero     0x20000298     0x1  usb_prop.o [1]
  CSTACK                      0x200002a0   0x800  <Block>
    CSTACK           uninit   0x200002a0   0x800  <Block tail>
                            - 0x20000aa0   0xaa0


*******************************************************************************
*** INIT TABLE
***

          Address     Size
          -------     ----
Zero (__iar_zero_init3)
    1 destination range, total size 0xfd:
          0x2000019c   0xfd

Copy (__iar_copy_init3)
    1 source range, total size 0x19c:
          0x08008d10  0x19c
    1 destination range, total size 0x19c:
          0x20000000  0x19c



*******************************************************************************
*** MODULE SUMMARY
***

    Module                        ro code  ro data  rw data
    ------                        -------  -------  -------
E:\myprj\STM32_MPU9150eMPL-master\STM32_MPU9150eMPL\Debug\Obj: [1]
    cpal_hal.o                         12
    cpal_i2c.o                      4 412                16
    cpal_i2c_hal_stm32f10x.o        1 240      208      132
    cpal_usercallback_template.o       80
    hw_config.o                       372
    inv_mpu.o                       9 528      156       56
    inv_mpu_dmp_motion_driver.o     3 748    3 142       16
    main.o                          2 326       40       29
    misc.o                            140
    mpu9150_interrupts.o              136
    startup_stm32f10x_md.o            460
    stm32_CPAL_mpu9150.o              380        4       36
    stm32_it.o                         26
    stm32f10x_dma.o                   384
    stm32f10x_exti.o                  204
    stm32f10x_gpio.o                  432
    stm32f10x_i2c.o                   256
    stm32f10x_rcc.o                   392       20       20
    system_stm32f10x.o                348        4        4
    usb_core.o                      3 242                 5
    usb_desc.o                                 192       28
    usb_endp.o                         32                68
    usb_init.o                         64                43
    usb_int.o                         592                 4
    usb_istr.o                        112       56       59
    usb_mem.o                         110
    usb_prop.o                        616      144      145
    usb_pwr.o                          72                 4
    usb_regs.o                        718
    usb_sil.o                          84
    utils.o                            90
    -------------------------------------------------------
    Total:                         30 608    3 966      665

command line: [2]
    -------------------------------------------------------
    Total:

dl7M_tlf.a: [3]
    exit.o                              4
    labs.o                              8
    low_level_init.o                    4
    -------------------------------------------------------
    Total:                             16

m7M_tl.a: [4]
    FltAdd.o                          132
    FltCmpEq.o                         28
    FltCmpLe.o                         36
    FltDiv.o                          252
    FltMul.o                          216
    FltSub.o                          214
    FltToS32.o                         68
    I32ToFlt.o                         50
    -------------------------------------------------------
    Total:                            996

rt7M_tl.a: [5]
    ABImemclr4.o                        6
    ABImemcpy_unaligned.o             118
    ABImemset.o                       102
    ABImemset48.o                      50
    I64DivMod.o                       306
    I64DivZer.o                         2
    cexit.o                            10
    cmain.o                            26
    copy_init3.o                       44
    cstartup_M.o                       12
    data_init.o                        40
    memcmp_unaligned.o                 98
    zero_init3.o                       64
    -------------------------------------------------------
    Total:                            878

shb_l.a: [6]
    exit.o                             20
    -------------------------------------------------------
    Total:                             20

    Gaps                                4
    Linker created                              36    2 048
-----------------------------------------------------------
    Grand Total:                   32 522    4 002    2 713


*******************************************************************************
*** ENTRY LIST
***

Entry                      Address   Size  Type      Object
-----                      -------   ----  ----      ------
.iar.init_table$$Base   0x08008a80          --   Gb  - Linker created -
.iar.init_table$$Limit  0x08008aa4          --   Gb  - Linker created -
?main                   0x08008ae1         Code  Gb  cmain.o [5]
ADCPrescTable           0x20000190    0x4  Data  Lc  stm32f10x_rcc.o [1]
APBAHBPrescTable        0x20000120   0x10  Data  Lc  stm32f10x_rcc.o [1]
BusFault_Handler        0x08008acb    0x2  Code  Gb  stm32_it.o [1]
ByteSwap                0x08006ab5   0x16  Code  Gb  usb_regs.o [1]
CPAL_DMA_InitStructure  0x200001dc   0x2c  Data  Gb  cpal_i2c_hal_stm32f10x.o [1]
CPAL_HAL_NVICInit       0x08004be5    0xc  Code  Gb  cpal_hal.o [1]
CPAL_I2C_CLK            0x08008bc8    0x8  Data  Gb  cpal_i2c_hal_stm32f10x.o [1]
CPAL_I2C_DEVICE         0x20000144    0x8  Data  Gb  cpal_i2c_hal_stm32f10x.o [1]
CPAL_I2C_DMA            0x2000016c    0x8  Data  Gb  cpal_i2c_hal_stm32f10x.o [1]
CPAL_I2C_DMA_CLK        0x08008be8    0x8  Data  Gb  cpal_i2c_hal_stm32f10x.o [1]
CPAL_I2C_DMA_RX_Channel
                        0x20000164    0x8  Data  Gb  cpal_i2c_hal_stm32f10x.o [1]
CPAL_I2C_DMA_RX_HT_FLAG
                        0x08008c10    0x8  Data  Gb  cpal_i2c_hal_stm32f10x.o [1]
CPAL_I2C_DMA_RX_IRQHandler
                        0x080037fd  0x1a4  Code  Gb  cpal_i2c.o [1]
CPAL_I2C_DMA_RX_IRQn    0x08002862    0x2  Data  Gb  cpal_i2c_hal_stm32f10x.o [1]
CPAL_I2C_DMA_RX_TC_FLAG
                        0x08008c08    0x8  Data  Gb  cpal_i2c_hal_stm32f10x.o [1]
CPAL_I2C_DMA_RX_TE_FLAG
                        0x08008c18    0x8  Data  Gb  cpal_i2c_hal_stm32f10x.o [1]
CPAL_I2C_DMA_TX_Channel
                        0x2000015c    0x8  Data  Gb  cpal_i2c_hal_stm32f10x.o [1]
CPAL_I2C_DMA_TX_HT_FLAG
                        0x08008bf8    0x8  Data  Gb  cpal_i2c_hal_stm32f10x.o [1]
CPAL_I2C_DMA_TX_IRQHandler
                        0x08003649  0x1b4  Code  Gb  cpal_i2c.o [1]
CPAL_I2C_DMA_TX_IRQn    0x080027fa    0x2  Data  Gb  cpal_i2c_hal_stm32f10x.o [1]
CPAL_I2C_DMA_TX_TC_FLAG
                        0x08008bf0    0x8  Data  Gb  cpal_i2c_hal_stm32f10x.o [1]
CPAL_I2C_DMA_TX_TE_FLAG
                        0x08008c00    0x8  Data  Gb  cpal_i2c_hal_stm32f10x.o [1]
CPAL_I2C_DR             0x08008bd0    0x8  Data  Gb  cpal_i2c_hal_stm32f10x.o [1]
CPAL_I2C_DeInit         0x08002f1d   0x74  Code  Gb  cpal_i2c.o [1]
CPAL_I2C_ERR_UserCallback
                        0x08004a37   0x28  Code  Gb  cpal_usercallback_template.o [1]
CPAL_I2C_ER_IRQHandler  0x08003563   0xe6  Code  Gb  cpal_i2c.o [1]
CPAL_I2C_EV_IRQHandler  0x08003503   0x60  Code  Gb  cpal_i2c.o [1]
CPAL_I2C_HAL_CLKDeInit  0x08004473   0x36  Code  Gb  cpal_i2c_hal_stm32f10x.o [1]
CPAL_I2C_HAL_CLKInit    0x0800443d   0x36  Code  Gb  cpal_i2c_hal_stm32f10x.o [1]
CPAL_I2C_HAL_DMADeInit  0x0800467f   0x28  Code  Gb  cpal_i2c_hal_stm32f10x.o [1]
CPAL_I2C_HAL_DMAInit    0x08004565   0x8a  Code  Gb  cpal_i2c_hal_stm32f10x.o [1]
CPAL_I2C_HAL_DMARXConfig
                        0x08004637   0x48  Code  Gb  cpal_i2c_hal_stm32f10x.o [1]
CPAL_I2C_HAL_DMATXConfig
                        0x080045ef   0x48  Code  Gb  cpal_i2c_hal_stm32f10x.o [1]
CPAL_I2C_HAL_GPIODeInit
                        0x08004515   0x50  Code  Gb  cpal_i2c_hal_stm32f10x.o [1]
CPAL_I2C_HAL_GPIOInit   0x080044a9   0x6c  Code  Gb  cpal_i2c_hal_stm32f10x.o [1]
CPAL_I2C_HAL_ITDeInit   0x08004819   0x6a  Code  Gb  cpal_i2c_hal_stm32f10x.o [1]
CPAL_I2C_HAL_ITInit     0x080046a7  0x172  Code  Gb  cpal_i2c_hal_stm32f10x.o [1]
CPAL_I2C_IT_ERR_IRQn    0x08002cf2    0x2  Data  Gb  cpal_i2c_hal_stm32f10x.o [1]
CPAL_I2C_IT_EVT_IRQn    0x080029fe    0x2  Data  Gb  cpal_i2c_hal_stm32f10x.o [1]
CPAL_I2C_Init           0x08002dc3  0x15a  Code  Gb  cpal_i2c.o [1]
CPAL_I2C_IsDeviceReady  0x08003347  0x1bc  Code  Gb  cpal_i2c.o [1]
CPAL_I2C_RXTC_UserCallback
                        0x08004a35    0x2  Code  Gb  cpal_usercallback_template.o [1]
CPAL_I2C_Read           0x080030d5  0x272  Code  Gb  cpal_i2c.o [1]
CPAL_I2C_SCL_GPIO_CLK   0x08008bd8    0x8  Data  Gb  cpal_i2c_hal_stm32f10x.o [1]
CPAL_I2C_SCL_GPIO_PIN   0x08008c20    0x4  Data  Gb  cpal_i2c_hal_stm32f10x.o [1]
CPAL_I2C_SCL_GPIO_PORT  0x2000014c    0x8  Data  Gb  cpal_i2c_hal_stm32f10x.o [1]
CPAL_I2C_SDA_GPIO_CLK   0x08008be0    0x8  Data  Gb  cpal_i2c_hal_stm32f10x.o [1]
CPAL_I2C_SDA_GPIO_PIN   0x08008c24    0x4  Data  Gb  cpal_i2c_hal_stm32f10x.o [1]
CPAL_I2C_SDA_GPIO_PORT  0x20000154    0x8  Data  Gb  cpal_i2c_hal_stm32f10x.o [1]
CPAL_I2C_StructInit     0x08002f91   0x6a  Code  Gb  cpal_i2c.o [1]
CPAL_I2C_TXTC_UserCallback
                        0x08004a33    0x2  Code  Gb  cpal_usercallback_template.o [1]
CPAL_I2C_Timeout        0x08003a35   0x1a  Code  Lc  cpal_i2c.o [1]
CPAL_I2C_Write          0x08002ffb   0xda  Code  Gb  cpal_i2c.o [1]
CPAL_TIMEOUT_UserCallback
                        0x08004a15   0x1e  Code  Gb  cpal_usercallback_template.o [1]
CSTACK$$Base            0x200002a0          --   Gb  - Linker created -
CSTACK$$Limit           0x20000aa0          --   Gb  - Linker created -
CTR_LP                  0x08008501  0x22e  Code  Gb  usb_int.o [1]
ClearDTOG_RX            0x08006939   0x32  Code  Gb  usb_regs.o [1]
ClearDTOG_TX            0x0800696b   0x32  Code  Gb  usb_regs.o [1]
Clear_Status_Out        0x08006913   0x26  Code  Gb  usb_regs.o [1]
Config_Descriptor       0x20000184    0x8  Data  Gb  usb_prop.o [1]
DMA1_Channel4_IRQHandler
                        0x08004899    0xa  Code  Gb  cpal_i2c_hal_stm32f10x.o [1]
DMA1_Channel5_IRQHandler
                        0x080048a3    0xa  Code  Gb  cpal_i2c_hal_stm32f10x.o [1]
DMA_DeInit              0x08004a65  0x10a  Code  Gb  stm32f10x_dma.o [1]
DMA_Init                0x08004b6f   0x3e  Code  Gb  stm32f10x_dma.o [1]
DataStageIn             0x080060db   0xca  Code  Lc  usb_core.o [1]
DataStageOut            0x0800601b   0xc0  Code  Lc  usb_core.o [1]
Data_Mul_MaxPacketSize  0x20000295    0x1  Data  Gb  usb_core.o [1]
Data_Setup0             0x08006309  0x2d6  Code  Lc  usb_core.o [1]
DebugMon_Handler        0x08008ad1    0x2  Code  Gb  stm32_it.o [1]
Delay                   0x080027a1   0x14  Code  Gb  utils.o [1]
Delay_ms                0x080027b5   0x46  Code  Gb  utils.o [1]
Device_Descriptor       0x2000017c    0x8  Data  Gb  usb_prop.o [1]
Device_Info             0x20000208   0x1c  Data  Gb  usb_init.o [1]
Device_Property         0x20000038   0x30  Data  Gb  usb_prop.o [1]
Device_Table            0x20000198    0x4  Data  Gb  usb_prop.o [1]
EP1_IN_Callback         0x08008aa5    0x2  Code  Gb  usb_endp.o [1]
EP3_OUT_Callback        0x08008aa7   0x16  Code  Gb  usb_endp.o [1]
EPindex                 0x20000296    0x1  Data  Gb  usb_init.o [1]
EXTI9_5_IRQHandler      0x08007dab   0x28  Code  Gb  main.o [1]
EXTI_ClearITPendingBit  0x08004285    0x6  Code  Gb  stm32f10x_exti.o [1]
EXTI_GetITStatus        0x0800425d   0x28  Code  Gb  stm32f10x_exti.o [1]
EXTI_Init               0x080041d5   0x88  Code  Gb  stm32f10x_exti.o [1]
GPIO_EXTILineConfig     0x08004181   0x50  Code  Gb  stm32f10x_gpio.o [1]
GPIO_Init               0x08004025  0x136  Code  Gb  stm32f10x_gpio.o [1]
GPIO_ReadInputDataBit   0x0800415b   0x1a  Code  Gb  stm32f10x_gpio.o [1]
GPIO_ResetBits          0x0800417b    0x6  Code  Gb  stm32f10x_gpio.o [1]
GPIO_SetBits            0x08004175    0x6  Code  Gb  stm32f10x_gpio.o [1]
GetEPRxAddr             0x080069ff   0x1a  Code  Gb  usb_regs.o [1]
GetEPRxCount            0x08006a83   0x18  Code  Gb  usb_regs.o [1]
GetEPTxAddr             0x080069e5   0x1a  Code  Gb  usb_regs.o [1]
GetEPTxStatus           0x080068a3   0x10  Code  Gb  usb_regs.o [1]
Get_SerialNum           0x08008133   0x30  Code  Gb  hw_config.o [1]
HardFault_Handler       0x08008ac7    0x2  Code  Gb  stm32_it.o [1]
I2C2_DevStructure       0x2000008c   0x20  Data  Gb  cpal_i2c_hal_stm32f10x.o [1]
I2C2_ER_IRQHandler      0x0800488d    0xc  Code  Gb  cpal_i2c_hal_stm32f10x.o [1]
I2C2_EV_IRQHandler      0x08004883    0xa  Code  Gb  cpal_i2c_hal_stm32f10x.o [1]
I2C_DevStructures       0x2000013c    0x8  Data  Gb  cpal_i2c_hal_stm32f10x.o [1]
I2C_Enable_DMA_IT       0x08003d6f  0x102  Code  Lc  cpal_i2c.o [1]
I2C_IT_DMARX_PREPRIO    0x080067fa    0x2  Data  Gb  cpal_i2c_hal_stm32f10x.o [1]
I2C_IT_DMARX_SUBPRIO    0x08008046    0x2  Data  Gb  cpal_i2c_hal_stm32f10x.o [1]
I2C_IT_DMATX_PREPRIO    0x0800443a    0x2  Data  Gb  cpal_i2c_hal_stm32f10x.o [1]
I2C_IT_DMATX_SUBPRIO    0x08005b0a    0x2  Data  Gb  cpal_i2c_hal_stm32f10x.o [1]
I2C_IT_ERR_PREPRIO      0x08004402    0x2  Data  Gb  cpal_i2c_hal_stm32f10x.o [1]
I2C_IT_ERR_SUBPRIO      0x08004406    0x2  Data  Gb  cpal_i2c_hal_stm32f10x.o [1]
I2C_IT_EVT_PREPRIO      0x08002cfa    0x2  Data  Gb  cpal_i2c_hal_stm32f10x.o [1]
I2C_IT_EVT_SUBPRIO      0x08002d5e    0x2  Data  Gb  cpal_i2c_hal_stm32f10x.o [1]
I2C_Init                0x08004915   0xf2  Code  Gb  stm32f10x_i2c.o [1]
I2C_InitStructure       0x20000224   0x10  Data  Gb  cpal_i2c.o [1]
I2C_MASTER_ADDR_Handle  0x08003ab9  0x112  Code  Lc  cpal_i2c.o [1]
I2C_MASTER_RXNE_Handle  0x08003bd9  0x196  Code  Lc  cpal_i2c.o [1]
I2C_MASTER_START_Handle
                        0x08003a4f   0x50  Code  Lc  cpal_i2c.o [1]
In0_Process             0x08006671   0x68  Code  Gb  usb_core.o [1]
IntToUnicode            0x0800817d   0x40  Code  Lc  hw_config.o [1]
MPU9150_Config          0x08002625    0xc  Code  Gb  stm32_CPAL_mpu9150.o [1]
MPU9150_DeInit          0x08002631    0xa  Code  Gb  stm32_CPAL_mpu9150.o [1]
MPU9150_GetStatus       0x0800275f   0x2e  Code  Gb  stm32_CPAL_mpu9150.o [1]
MPU9150_Get_INTpin_State
                        0x080028db    0xe  Code  Gb  mpu9150_interrupts.o [1]
MPU9150_Init            0x08002667    0xa  Code  Lc  stm32_CPAL_mpu9150.o [1]
MPU9150_Interrupt_Cmd   0x080028b7   0x24  Code  Gb  mpu9150_interrupts.o [1]
MPU9150_Interrupt_Init  0x08002865   0x52  Code  Gb  mpu9150_interrupts.o [1]
MPU9150_RXTransfer      0x20000264   0x10  Data  Gb  stm32_CPAL_mpu9150.o [1]
MPU9150_Status          0x08002747   0x18  Code  Lc  stm32_CPAL_mpu9150.o [1]
MPU9150_StructInit      0x0800263b   0x2c  Code  Lc  stm32_CPAL_mpu9150.o [1]
MPU9150_TXTransfer      0x20000254   0x10  Data  Gb  stm32_CPAL_mpu9150.o [1]
MPU9150_Timeout         0x2000018c    0x4  Data  Gb  stm32_CPAL_mpu9150.o [1]
MemManage_Handler       0x08008ac9    0x2  Code  Gb  stm32_it.o [1]
NMI_Handler             0x08008ac5    0x2  Code  Gb  stm32_it.o [1]
NOP_Process             0x080067f9    0x2  Code  Gb  usb_core.o [1]
NVIC_Init               0x080042ab   0x6c  Code  Gb  misc.o [1]
NVIC_PriorityGroupConfig
                        0x080042a1    0xa  Code  Gb  misc.o [1]
NVIC_SetPriority        0x08002d61   0x2a  Code  Lc  cpal_i2c.o [1]
NoData_Setup0           0x080061a5  0x164  Code  Lc  usb_core.o [1]
Out0_Process            0x080066d9   0x4e  Code  Gb  usb_core.o [1]
PMAToUserBufferCopy     0x08006b0b   0x2e  Code  Gb  usb_mem.o [1]
PendSV_Handler          0x08008ad3    0x2  Code  Gb  stm32_it.o [1]
Post0_Process           0x08006735   0x3c  Code  Gb  usb_core.o [1]
PowerOn                 0x08008465   0x3a  Code  Gb  usb_pwr.o [1]
RCC_AHBPeriphClockCmd   0x08003f85   0x1e  Code  Gb  stm32f10x_rcc.o [1]
RCC_APB1PeriphClockCmd  0x08003fc1   0x1e  Code  Gb  stm32f10x_rcc.o [1]
RCC_APB1PeriphResetCmd  0x08003fdf   0x1e  Code  Gb  stm32f10x_rcc.o [1]
RCC_APB2PeriphClockCmd  0x08003fa3   0x1e  Code  Gb  stm32f10x_rcc.o [1]
RCC_GetClocksFreq       0x08003ea3   0xe2  Code  Gb  stm32f10x_rcc.o [1]
RCC_USBCLKConfig        0x08003e9d    0x6  Code  Gb  stm32f10x_rcc.o [1]
Region$$Table$$Base     0x08008a80          --   Gb  - Linker created -
Region$$Table$$Limit    0x08008aa4          --   Gb  - Linker created -
Request                 0x20000298    0x1  Data  Gb  usb_prop.o [1]
SVC_Handler             0x08008acf    0x2  Code  Gb  stm32_it.o [1]
SaveRState              0x2000028e    0x2  Data  Gb  usb_int.o [1]
SaveTState              0x20000290    0x2  Data  Gb  usb_int.o [1]
SetBTABLE               0x080067fd    0xe  Code  Gb  usb_regs.o [1]
SetDeviceAddress        0x08006771   0x48  Code  Gb  usb_core.o [1]
SetEPRxAddr             0x080069c1   0x24  Code  Gb  usb_regs.o [1]
SetEPRxCount            0x08006a33   0x50  Code  Gb  usb_regs.o [1]
SetEPRxStatus           0x08006867   0x3c  Code  Gb  usb_regs.o [1]
SetEPRxValid            0x080068e3   0x30  Code  Gb  usb_regs.o [1]
SetEPTxAddr             0x0800699d   0x24  Code  Gb  usb_regs.o [1]
SetEPTxCount            0x08006a19   0x1a  Code  Gb  usb_regs.o [1]
SetEPTxStatus           0x0800682b   0x3c  Code  Gb  usb_regs.o [1]
SetEPTxValid            0x080068b3   0x30  Code  Gb  usb_regs.o [1]
SetEPType               0x0800680b   0x20  Code  Gb  usb_regs.o [1]
SetSysClock             0x080087a5    0x8  Code  Lc  system_stm32f10x.o [1]
SetSysClockTo72         0x080087ad   0xe0  Code  Lc  system_stm32f10x.o [1]
Set_System              0x08008049   0x2a  Code  Gb  hw_config.o [1]
Set_USBClock            0x08008073   0x14  Code  Gb  hw_config.o [1]
Setup0_Process          0x080065df   0x92  Code  Gb  usb_core.o [1]
Standard_ClearFeature   0x08005d95  0x16e  Code  Gb  usb_core.o [1]
Standard_GetConfiguration
                        0x08005b51   0x2c  Code  Gb  usb_core.o [1]
Standard_GetDescriptorData
                        0x08005fef   0x2c  Code  Gb  usb_core.o [1]
Standard_GetInterface   0x08005bcb   0x2c  Code  Gb  usb_core.o [1]
Standard_GetStatus      0x08005c7b  0x11a  Code  Gb  usb_core.o [1]
Standard_SetConfiguration
                        0x08005b7d   0x4e  Code  Gb  usb_core.o [1]
Standard_SetDeviceFeature
                        0x08005fcb   0x24  Code  Gb  usb_core.o [1]
Standard_SetEndPointFeature
                        0x08005f03   0xc8  Code  Gb  usb_core.o [1]
Standard_SetInterface   0x08005bf7   0x84  Code  Gb  usb_core.o [1]
StatusInfo              0x20000274    0x4  Data  Gb  usb_core.o [1]
Stm32MPU9150compass_test
                        0x08007dd3  0x23e  Code  Gb  main.o [1]
String_Descriptor       0x200000ac   0x20  Data  Gb  usb_prop.o [1]
SysTick_Config          0x08002d8b   0x38  Code  Lc  cpal_i2c.o [1]
SysTick_Handler         0x080039a1   0x94  Code  Gb  cpal_i2c.o [1]
SystemCoreClock         0x20000194    0x4  Data  Gb  system_stm32f10x.o [1]
SystemInit              0x08008751   0x54  Code  Gb  system_stm32f10x.o [1]
USART1_IRQHandler       0x08008add    0x2  Code  Gb  stm32_it.o [1]
USB_Cable_Config        0x080080b1   0x22  Code  Gb  hw_config.o [1]
USB_Init                0x080081bd   0x40  Code  Gb  usb_init.o [1]
USB_Interrupts_Config   0x08008087   0x2a  Code  Gb  hw_config.o [1]
USB_Istr                0x080088ad   0x70  Code  Gb  usb_istr.o [1]
USB_LP_CAN1_RX0_IRQHandler
                        0x08008ad5    0x8  Code  Gb  stm32_it.o [1]
USB_Rx_Buffer           0x2000019c   0x40  Data  Gb  usb_endp.o [1]
USB_SIL_Init            0x080084ad   0x1a  Code  Gb  usb_sil.o [1]
USB_SIL_Read            0x080084d5   0x2c  Code  Gb  usb_sil.o [1]
UsageFault_Handler      0x08008acd    0x2  Code  Gb  stm32_it.o [1]
UserToPMABufferCopy     0x08006acb   0x40  Code  Gb  usb_mem.o [1]
User_Standard_Requests  0x20000068   0x24  Data  Gb  usb_prop.o [1]
Virtual_Com_Port_ConfigDescriptor
                        0x0800891c   0x44  Data  Gb  usb_desc.o [1]
Virtual_Com_Port_Data_Setup
                        0x08008321   0x64  Code  Gb  usb_prop.o [1]
Virtual_Com_Port_DeviceDescriptor
                        0x08008b3c   0x14  Data  Gb  usb_desc.o [1]
Virtual_Com_Port_GetConfigDescriptor
                        0x080083bd   0x10  Code  Gb  usb_prop.o [1]
Virtual_Com_Port_GetDeviceDescriptor
                        0x080083ad   0x10  Code  Gb  usb_prop.o [1]
Virtual_Com_Port_GetLineCoding
                        0x0800840d   0x18  Code  Gb  usb_prop.o [1]
Virtual_Com_Port_GetStringDescriptor
                        0x080083cd   0x26  Code  Gb  usb_prop.o [1]
Virtual_Com_Port_Get_Interface_Setting
                        0x080083f3   0x1a  Code  Gb  usb_prop.o [1]
Virtual_Com_Port_NoData_Setup
                        0x08008385   0x28  Code  Gb  usb_prop.o [1]
Virtual_Com_Port_Reset  0x0800821b   0xdc  Code  Gb  usb_prop.o [1]
Virtual_Com_Port_SetConfiguration
                        0x080082f7   0x10  Code  Gb  usb_prop.o [1]
Virtual_Com_Port_SetDeviceAddress
                        0x08008307    0x8  Code  Gb  usb_prop.o [1]
Virtual_Com_Port_SetLineCoding
                        0x08008425   0x18  Code  Gb  usb_prop.o [1]
Virtual_Com_Port_Status_In
                        0x0800830f   0x10  Code  Gb  usb_prop.o [1]
Virtual_Com_Port_Status_Out
                        0x0800831f    0x2  Code  Gb  usb_prop.o [1]
Virtual_Com_Port_StringLangID
                        0x08008c3c    0x4  Data  Gb  usb_desc.o [1]
Virtual_Com_Port_StringProduct
                        0x080089a0   0x38  Data  Gb  usb_desc.o [1]
Virtual_Com_Port_StringSerial
                        0x200000cc   0x1c  Data  Gb  usb_desc.o [1]
Virtual_Com_Port_StringVendor
                        0x08008b60   0x10  Data  Gb  usb_desc.o [1]
Virtual_Com_Port_init   0x080081fd   0x1e  Code  Gb  usb_prop.o [1]
Virtual_Com_Write_Buffer
                        0x080080d3   0x60  Code  Gb  hw_config.o [1]
__aeabi_cfcmpeq         0x08002afd         Code  Gb  FltCmpEq.o [4]
__aeabi_cfcmple         0x08002b9d         Code  Gb  FltCmpLe.o [4]
__aeabi_f2iz            0x08005b0d         Code  Gb  FltToS32.o [4]
__aeabi_fadd            0x08002b19         Code  Gb  FltAdd.o [4]
__aeabi_fdiv            0x08002a01         Code  Gb  FltDiv.o [4]
__aeabi_fmul            0x080028ed         Code  Gb  FltMul.o [4]
__aeabi_i2f             0x080029cd         Code  Gb  I32ToFlt.o [4]
__aeabi_ldiv0           0x08004405         Code  Gb  I64DivZer.o [5]
__aeabi_ldivmod         0x08002bc1         Code  Gb  I64DivMod.o [5]
__aeabi_memclr4         0x08002cf5         Code  Gb  ABImemclr4.o [5]
__aeabi_memset          0x080027fd         Code  Gb  ABImemset.o [5]
__aeabi_ui2f            0x080029e1         Code  Gb  I32ToFlt.o [4]
__aeabi_uldivmod        0x08002c05         Code  Gb  I64DivMod.o [5]
__cmain                 0x08008ae1         Code  Gb  cmain.o [5]
__exit                  0x08008b11   0x14  Code  Gb  exit.o [6]
__iar_Memset            0x080027fd         Code  Gb  ABImemset.o [5]
__iar_Memset4_word      0x08004409         Code  Gb  ABImemset48.o [5]
__iar_Memset8_word      0x08004409         Code  Gb  ABImemset48.o [5]
__iar_Memset_word       0x08002805         Code  Gb  ABImemset.o [5]
__iar_copy_init3        0x08008a05   0x2c  Code  Gb  copy_init3.o [5]
__iar_data_init3        0x08008a59   0x28  Code  Gb  data_init.o [5]
__iar_fadd              0x08002b29         Code  Gb  FltAdd.o [4]
__iar_fsub              0x0800432d         Code  Gb  FltSub.o [4]
__iar_fsubStart         0x0800433d         Code  Gb  FltSub.o [4]
__iar_program_start     0x08008bbd         Code  Gb  cstartup_M.o [5]
__iar_ui2f              0x080029e5         Code  Gb  I32ToFlt.o [4]
__iar_unaligned___aeabi_memcpy
                        0x08005a95         Code  Gb  ABImemcpy_unaligned.o [5]
__iar_unaligned___aeabi_memcpy4
                        0x08005ab5         Code  Gb  ABImemcpy_unaligned.o [5]
__iar_unaligned___aeabi_memcpy8
                        0x08005ab5         Code  Gb  ABImemcpy_unaligned.o [5]
__iar_unaligned_memcmp  0x08002cfd         Code  Gb  memcmp_unaligned.o [5]
__iar_zero_init3        0x08008961   0x40  Code  Gb  zero_init3.o [5]
__low_level_init        0x08008afb    0x4  Code  Gb  low_level_init.o [3]
__vector_table          0x08000000         Data  Gb  startup_stm32f10x_md.o [1]
_call_main              0x08008aed         Code  Gb  cmain.o [5]
_exit                   0x08008b05         Code  Gb  cexit.o [5]
_main                   0x08008af7         Code  Gb  cmain.o [5]
accel_self_test         0x0800144d   0x9c  Code  Lc  inv_mpu.o [1]
android_orient_cb       0x080079a5    0xc  Code  Lc  main.o [1]
bDeviceState            0x20000288    0x4  Data  Gb  usb_pwr.o [1]
bIntPackSOF             0x20000297    0x1  Data  Gb  usb_istr.o [1]
compass_self_test       0x080015e9  0x176  Code  Lc  inv_mpu.o [1]
count_out               0x20000278    0x4  Data  Gb  usb_endp.o [1]
decode_gesture          0x0800575d   0x66  Code  Lc  inv_mpu_dmp_motion_driver.o [1]
dmp                     0x20000234   0x10  Data  Lc  inv_mpu_dmp_motion_driver.o [1]
dmp_enable_6x_lp_quat   0x08005717   0x46  Code  Gb  inv_mpu_dmp_motion_driver.o [1]
dmp_enable_feature      0x0800545b  0x230  Code  Gb  inv_mpu_dmp_motion_driver.o [1]
dmp_enable_gyro_cal     0x0800568b   0x46  Code  Gb  inv_mpu_dmp_motion_driver.o [1]
dmp_enable_lp_quat      0x080056d1   0x46  Code  Gb  inv_mpu_dmp_motion_driver.o [1]
dmp_get_fifo_rate       0x08005069    0xe  Code  Gb  inv_mpu_dmp_motion_driver.o [1]
dmp_get_pedometer_step_count
                        0x08005369   0x48  Code  Gb  inv_mpu_dmp_motion_driver.o [1]
dmp_get_pedometer_walk_time
                        0x080053dd   0x4c  Code  Gb  inv_mpu_dmp_motion_driver.o [1]
dmp_load_motion_driver_firmware
                        0x08004bf1   0x18  Code  Gb  inv_mpu_dmp_motion_driver.o [1]
dmp_memory              0x08006b38  0xbf8  Data  Lc  inv_mpu_dmp_motion_driver.o [1]
dmp_read_fifo           0x0800582d  0x222  Code  Gb  inv_mpu_dmp_motion_driver.o [1]
dmp_register_android_orient_cb
                        0x08005a59    0xa  Code  Gb  inv_mpu_dmp_motion_driver.o [1]
dmp_register_tap_cb     0x08005a4f    0xa  Code  Gb  inv_mpu_dmp_motion_driver.o [1]
dmp_set_accel_bias      0x08004eb1  0x146  Code  Gb  inv_mpu_dmp_motion_driver.o [1]
dmp_set_fifo_rate       0x08004ff7   0x72  Code  Gb  inv_mpu_dmp_motion_driver.o [1]
dmp_set_gyro_bias       0x08004d6b  0x146  Code  Gb  inv_mpu_dmp_motion_driver.o [1]
dmp_set_interrupt_mode  0x080057c3   0x4e  Code  Gb  inv_mpu_dmp_motion_driver.o [1]
dmp_set_orientation     0x08004c09  0x162  Code  Gb  inv_mpu_dmp_motion_driver.o [1]
dmp_set_pedometer_step_count
                        0x080053b1   0x2c  Code  Gb  inv_mpu_dmp_motion_driver.o [1]
dmp_set_pedometer_walk_time
                        0x08005429   0x32  Code  Gb  inv_mpu_dmp_motion_driver.o [1]
dmp_set_shake_reject_thresh
                        0x080052d9   0x3c  Code  Gb  inv_mpu_dmp_motion_driver.o [1]
dmp_set_shake_reject_time
                        0x08005315   0x2a  Code  Gb  inv_mpu_dmp_motion_driver.o [1]
dmp_set_shake_reject_timeout
                        0x0800533f   0x2a  Code  Gb  inv_mpu_dmp_motion_driver.o [1]
dmp_set_tap_axes        0x0800520b   0x4a  Code  Gb  inv_mpu_dmp_motion_driver.o [1]
dmp_set_tap_count       0x08005255   0x30  Code  Gb  inv_mpu_dmp_motion_driver.o [1]
dmp_set_tap_thresh      0x08005077  0x194  Code  Gb  inv_mpu_dmp_motion_driver.o [1]
dmp_set_tap_time        0x08005285   0x2a  Code  Gb  inv_mpu_dmp_motion_driver.o [1]
dmp_set_tap_time_multi  0x080052af   0x2a  Code  Gb  inv_mpu_dmp_motion_driver.o [1]
exit                    0x08008aff    0x4  Code  Gb  exit.o [3]
get_accel_prod_shift    0x08001381   0xcc  Code  Lc  inv_mpu.o [1]
get_st_biases           0x08001775  0x4b4  Code  Lc  inv_mpu.o [1]
gyro_orientation        0x20000130    0xc  Data  Lc  main.o [1]
gyro_self_test          0x080014e9  0x100  Code  Lc  inv_mpu.o [1]
hal                     0x20000244   0x10  Data  Lc  main.o [1]
handle_input            0x08007a4f  0x35c  Code  Lc  main.o [1]
hw                      0x08008b50   0x10  Data  Gb  inv_mpu.o [1]
inv_orientation_matrix_to_scalar
                        0x08007927   0x2a  Code  Lc  main.o [1]
inv_row_2_scale         0x080078c9   0x5e  Code  Lc  main.o [1]
labs                    0x080029c5    0x8  Code  Gb  labs.o [3]
linecoding              0x20000174    0x8  Data  Gb  usb_prop.o [1]
main                    0x0800803d    0xa  Code  Gb  main.o [1]
mpu_configure_fifo      0x08000bc7   0x84  Code  Gb  inv_mpu.o [1]
mpu_get_accel_fsr       0x080007e9   0x4a  Code  Gb  inv_mpu.o [1]
mpu_get_accel_sens      0x08000b6b   0x50  Code  Gb  inv_mpu.o [1]
mpu_get_compass_reg     0x08002331   0xb0  Code  Gb  inv_mpu.o [1]
mpu_get_fifo_config     0x08000bbb    0xc  Code  Gb  inv_mpu.o [1]
mpu_get_gyro_fsr        0x08000709   0x3e  Code  Gb  inv_mpu.o [1]
mpu_get_gyro_sens       0x08000b2b   0x40  Code  Gb  inv_mpu.o [1]
mpu_get_lpf             0x080008cf   0x4c  Code  Gb  inv_mpu.o [1]
mpu_get_sample_rate     0x080009b5   0x20  Code  Gb  inv_mpu.o [1]
mpu_init                0x080001a9  0x236  Code  Gb  inv_mpu.o [1]
mpu_load_firmware       0x08001ec1   0xfc  Code  Gb  inv_mpu.o [1]
mpu_lp_accel_mode       0x080003df   0xfe  Code  Gb  inv_mpu.o [1]
mpu_lp_motion_interrupt
                        0x080023e5  0x226  Code  Gb  inv_mpu.o [1]
mpu_read_fifo           0x08000ded  0x28c  Code  Gb  inv_mpu.o [1]
mpu_read_fifo_stream    0x08001079   0xe6  Code  Gb  inv_mpu.o [1]
mpu_read_mem            0x08001e2b   0x96  Code  Gb  inv_mpu.o [1]
mpu_reset_fifo          0x080004dd  0x22c  Code  Gb  inv_mpu.o [1]
mpu_run_self_test       0x08001c29  0x16c  Code  Gb  inv_mpu.o [1]
mpu_set_accel_fsr       0x08000833   0x9c  Code  Gb  inv_mpu.o [1]
mpu_set_bypass          0x0800115f  0x196  Code  Gb  inv_mpu.o [1]
mpu_set_compass_sample_rate
                        0x08000ab9   0x72  Code  Gb  inv_mpu.o [1]
mpu_set_dmp_state       0x08001fbd   0xa8  Code  Gb  inv_mpu.o [1]
mpu_set_gyro_fsr        0x08000747   0xa2  Code  Gb  inv_mpu.o [1]
mpu_set_int_latched     0x080012f9   0x88  Code  Gb  inv_mpu.o [1]
mpu_set_lpf             0x0800091b   0x9a  Code  Gb  inv_mpu.o [1]
mpu_set_sample_rate     0x080009dd   0xdc  Code  Gb  inv_mpu.o [1]
mpu_set_sensors         0x08000c51  0x196  Code  Gb  inv_mpu.o [1]
mpu_write_mem           0x08001d95   0x96  Code  Gb  inv_mpu.o [1]
pEpInt_IN               0x200000e8   0x1c  Data  Gb  usb_istr.o [1]
pEpInt_OUT              0x20000104   0x1c  Data  Gb  usb_istr.o [1]
pInformation            0x2000027c    0x4  Data  Gb  usb_init.o [1]
pProperty               0x20000280    0x4  Data  Gb  usb_init.o [1]
pUser_Standard_Requests
                        0x20000284    0x4  Data  Gb  usb_init.o [1]
reg                     0x080089d8   0x2c  Data  Gb  inv_mpu.o [1]
run_self_test           0x080079b3   0x9c  Code  Lc  main.o [1]
rx_new                  0x20000294    0x1  Data  Gb  main.o [1]
sStartAddress           0x08008ade    0x2  Data  Lc  inv_mpu_dmp_motion_driver.o [1]
send_packet             0x08007731  0x198  Code  Gb  main.o [1]
set_int_enable          0x080000ed   0xbc  Code  Lc  inv_mpu.o [1]
setup_compass           0x08002075  0x2b2  Code  Lc  inv_mpu.o [1]
setup_gyro              0x08007951   0x3c  Code  Lc  main.o [1]
st                      0x20000000   0x38  Data  Lc  inv_mpu.o [1]
stm32_i2c_read          0x080026d7   0x70  Code  Gb  stm32_CPAL_mpu9150.o [1]
stm32_i2c_write         0x08002671   0x66  Code  Gb  stm32_CPAL_mpu9150.o [1]
stm32_reset             0x080079b1    0x2  Code  Lc  main.o [1]
tap_cb                  0x0800798d   0x18  Code  Lc  main.o [1]
test                    0x08008a30   0x28  Data  Gb  inv_mpu.o [1]
wInterrupt_Mask         0x2000028c    0x2  Data  Gb  usb_init.o [1]
wIstr                   0x20000292    0x2  Data  Gb  usb_istr.o [1]


[1] = E:\myprj\STM32_MPU9150eMPL-master\STM32_MPU9150eMPL\Debug\Obj
[2] = command line
[3] = dl7M_tlf.a
[4] = m7M_tl.a
[5] = rt7M_tl.a
[6] = shb_l.a

  32 522 bytes of readonly  code memory
   4 002 bytes of readonly  data memory
   2 713 bytes of readwrite data memory

Errors: none
Warnings: none
